Information: Updating design information... (UID-85)
 
****************************************
Report : constraint
        -all_violators
Design : riscv
Version: M-2016.12-SP1
Date   : Tue Jul 21 13:27:39 2020
****************************************


   max_capacitance

                             Required        Actual
   Net                      Capacitance    Capacitance       Slack
   -----------------------------------------------------------------
   n11836                   0.433556       0.516655       -0.083099 (VIOLATED)

   -----------------------------------------------------------------
   Total                      1               -0.083099 

   max_leakage_power

                             Required        Actual
   Design                   Leakage Power  Leakage Power     Slack
   -----------------------------------------------------------------
   riscv                    0.000000       1132.945679    -1132.945679
                                                                    (VIOLATED)


1
